// Jest Snapshot v1, https://goo.gl/fbAQLP

exports[`Intro renders correctly 1`] = `
<div
  className="homeText container"
  id="introduction"
>
  <span
    className="name"
  >
    Tarkan MansuroÄŸlu
  </span>
  <p
    className="loop styles_typicalWrapper__1_Uvh"
  />
</div>
`;
